Archive member included to satisfy reference by file (symbol)

d:/st/stm32cubeide_1.3.0/stm32cubeide/plugins/com.st.stm32cube.ide.mcu.externaltools.gnu-tools-for-stm32.7-2018-q2-update.win32_1.0.0.201904181610/tools/bin/../lib/gcc/arm-none-eabi/7.3.1/../../../../arm-none-eabi/lib/thumb/v7e-m/fpv4-sp/hard\libc_nano.a(lib_a-errno.o)
                              Src/syscalls.o (__errno)
d:/st/stm32cubeide_1.3.0/stm32cubeide/plugins/com.st.stm32cube.ide.mcu.externaltools.gnu-tools-for-stm32.7-2018-q2-update.win32_1.0.0.201904181610/tools/bin/../lib/gcc/arm-none-eabi/7.3.1/../../../../arm-none-eabi/lib/thumb/v7e-m/fpv4-sp/hard\libc_nano.a(lib_a-exit.o)
                              d:/st/stm32cubeide_1.3.0/stm32cubeide/plugins/com.st.stm32cube.ide.mcu.externaltools.gnu-tools-for-stm32.7-2018-q2-update.win32_1.0.0.201904181610/tools/bin/../lib/gcc/arm-none-eabi/7.3.1/../../../../arm-none-eabi/lib/thumb/v7e-m/fpv4-sp/hard/crt0.o (exit)
d:/st/stm32cubeide_1.3.0/stm32cubeide/plugins/com.st.stm32cube.ide.mcu.externaltools.gnu-tools-for-stm32.7-2018-q2-update.win32_1.0.0.201904181610/tools/bin/../lib/gcc/arm-none-eabi/7.3.1/../../../../arm-none-eabi/lib/thumb/v7e-m/fpv4-sp/hard\libc_nano.a(lib_a-impure.o)
                              d:/st/stm32cubeide_1.3.0/stm32cubeide/plugins/com.st.stm32cube.ide.mcu.externaltools.gnu-tools-for-stm32.7-2018-q2-update.win32_1.0.0.201904181610/tools/bin/../lib/gcc/arm-none-eabi/7.3.1/../../../../arm-none-eabi/lib/thumb/v7e-m/fpv4-sp/hard\libc_nano.a(lib_a-exit.o) (_global_impure_ptr)
d:/st/stm32cubeide_1.3.0/stm32cubeide/plugins/com.st.stm32cube.ide.mcu.externaltools.gnu-tools-for-stm32.7-2018-q2-update.win32_1.0.0.201904181610/tools/bin/../lib/gcc/arm-none-eabi/7.3.1/../../../../arm-none-eabi/lib/thumb/v7e-m/fpv4-sp/hard\libc_nano.a(lib_a-init.o)
                              d:/st/stm32cubeide_1.3.0/stm32cubeide/plugins/com.st.stm32cube.ide.mcu.externaltools.gnu-tools-for-stm32.7-2018-q2-update.win32_1.0.0.201904181610/tools/bin/../lib/gcc/arm-none-eabi/7.3.1/../../../../arm-none-eabi/lib/thumb/v7e-m/fpv4-sp/hard/crt0.o (__libc_init_array)
d:/st/stm32cubeide_1.3.0/stm32cubeide/plugins/com.st.stm32cube.ide.mcu.externaltools.gnu-tools-for-stm32.7-2018-q2-update.win32_1.0.0.201904181610/tools/bin/../lib/gcc/arm-none-eabi/7.3.1/../../../../arm-none-eabi/lib/thumb/v7e-m/fpv4-sp/hard\libc_nano.a(lib_a-memset.o)
                              d:/st/stm32cubeide_1.3.0/stm32cubeide/plugins/com.st.stm32cube.ide.mcu.externaltools.gnu-tools-for-stm32.7-2018-q2-update.win32_1.0.0.201904181610/tools/bin/../lib/gcc/arm-none-eabi/7.3.1/../../../../arm-none-eabi/lib/thumb/v7e-m/fpv4-sp/hard/crt0.o (memset)
d:/st/stm32cubeide_1.3.0/stm32cubeide/plugins/com.st.stm32cube.ide.mcu.externaltools.gnu-tools-for-stm32.7-2018-q2-update.win32_1.0.0.201904181610/tools/bin/../lib/gcc/arm-none-eabi/7.3.1/../../../../arm-none-eabi/lib/thumb/v7e-m/fpv4-sp/hard\libc_nano.a(lib_a-strstr.o)
                              Src/main.o (strstr)

Allocating common symbols
Common symbol       size              file

datarv              0x5               Src/main.o
adc_value           0x4               Src/main.o
rx_array            0x64              Src/main.o

Discarded input sections

 .text          0x0000000000000000        0x0 d:/st/stm32cubeide_1.3.0/stm32cubeide/plugins/com.st.stm32cube.ide.mcu.externaltools.gnu-tools-for-stm32.7-2018-q2-update.win32_1.0.0.201904181610/tools/bin/../lib/gcc/arm-none-eabi/7.3.1/thumb/v7e-m/fpv4-sp/hard/crti.o
 .data          0x0000000000000000        0x0 d:/st/stm32cubeide_1.3.0/stm32cubeide/plugins/com.st.stm32cube.ide.mcu.externaltools.gnu-tools-for-stm32.7-2018-q2-update.win32_1.0.0.201904181610/tools/bin/../lib/gcc/arm-none-eabi/7.3.1/thumb/v7e-m/fpv4-sp/hard/crti.o
 .bss           0x0000000000000000        0x0 d:/st/stm32cubeide_1.3.0/stm32cubeide/plugins/com.st.stm32cube.ide.mcu.externaltools.gnu-tools-for-stm32.7-2018-q2-update.win32_1.0.0.201904181610/tools/bin/../lib/gcc/arm-none-eabi/7.3.1/thumb/v7e-m/fpv4-sp/hard/crti.o
 .data          0x0000000000000000        0x4 d:/st/stm32cubeide_1.3.0/stm32cubeide/plugins/com.st.stm32cube.ide.mcu.externaltools.gnu-tools-for-stm32.7-2018-q2-update.win32_1.0.0.201904181610/tools/bin/../lib/gcc/arm-none-eabi/7.3.1/thumb/v7e-m/fpv4-sp/hard/crtbegin.o
 .text          0x0000000000000000       0x74 d:/st/stm32cubeide_1.3.0/stm32cubeide/plugins/com.st.stm32cube.ide.mcu.externaltools.gnu-tools-for-stm32.7-2018-q2-update.win32_1.0.0.201904181610/tools/bin/../lib/gcc/arm-none-eabi/7.3.1/../../../../arm-none-eabi/lib/thumb/v7e-m/fpv4-sp/hard/crt0.o
 .data          0x0000000000000000        0x0 d:/st/stm32cubeide_1.3.0/stm32cubeide/plugins/com.st.stm32cube.ide.mcu.externaltools.gnu-tools-for-stm32.7-2018-q2-update.win32_1.0.0.201904181610/tools/bin/../lib/gcc/arm-none-eabi/7.3.1/../../../../arm-none-eabi/lib/thumb/v7e-m/fpv4-sp/hard/crt0.o
[...]
Memory Configuration

Name             Origin             Length             Attributes
RAM              0x0000000020000000 0x0000000000020000 xrw
ROM              0x0000000008000000 0x0000000000100000 xr
*default*        0x0000000000000000 0xffffffffffffffff

Linker script and memory map

LOAD d:/st/stm32cubeide_1.3.0/stm32cubeide/plugins/com.st.stm32cube.ide.mcu.externaltools.gnu-tools-for-stm32.7-2018-q2-update.win32_1.0.0.201904181610/tools/bin/../lib/gcc/arm-none-eabi/7.3.1/thumb/v7e-m/fpv4-sp/hard/crti.o
LOAD d:/st/stm32cubeide_1.3.0/stm32cubeide/plugins/com.st.stm32cube.ide.mcu.externaltools.gnu-tools-for-stm32.7-2018-q2-update.win32_1.0.0.201904181610/tools/bin/../lib/gcc/arm-none-eabi/7.3.1/thumb/v7e-m/fpv4-sp/hard/crtbegin.o
LOAD d:/st/stm32cubeide_1.3.0/stm32cubeide/plugins/com.st.stm32cube.ide.mcu.externaltools.gnu-tools-for-stm32.7-2018-q2-update.win32_1.0.0.201904181610/tools/bin/../lib/gcc/arm-none-eabi/7.3.1/../../../../arm-none-eabi/lib/thumb/v7e-m/fpv4-sp/hard/crt0.o
LOAD MyLib/MyPeripheralLib/Src/DS3231.o
LOAD MyLib/Src/ADC.o
LOAD MyLib/Src/DMA.o
LOAD MyLib/Src/GPIO.o
LOAD MyLib/Src/I2C.o
LOAD MyLib/Src/PeripheralConfig.o
LOAD MyLib/Src/SPI.o
LOAD MyLib/Src/SysClockConfig.o
LOAD MyLib/Src/UART.o
LOAD MyLib/Src/timer.o
LOAD Src/main.o
LOAD Src/syscalls.o
LOAD Src/sysmem.o
LOAD Startup/startup_stm32f407vgtx.o
START GROUP
LOAD d:/st/stm32cubeide_1.3.0/stm32cubeide/plugins/com.st.stm32cube.ide.mcu.externaltools.gnu-tools-for-stm32.7-2018-q2-update.win32_1.0.0.201904181610/tools/bin/../lib/gcc/arm-none-eabi/7.3.1/../../../../arm-none-eabi/lib/thumb/v7e-m/fpv4-sp/hard\libc_nano.a
LOAD d:/st/stm32cubeide_1.3.0/stm32cubeide/plugins/com.st.stm32cube.ide.mcu.externaltools.gnu-tools-for-stm32.7-2018-q2-update.win32_1.0.0.201904181610/tools/bin/../lib/gcc/arm-none-eabi/7.3.1/../../../../arm-none-eabi/lib/thumb/v7e-m/fpv4-sp/hard\libm.a
END GROUP
START GROUP
LOAD d:/st/stm32cubeide_1.3.0/stm32cubeide/plugins/com.st.stm32cube.ide.mcu.externaltools.gnu-tools-for-stm32.7-2018-q2-update.win32_1.0.0.201904181610/tools/bin/../lib/gcc/arm-none-eabi/7.3.1/thumb/v7e-m/fpv4-sp/hard\libgcc.a
LOAD d:/st/stm32cubeide_1.3.0/stm32cubeide/plugins/com.st.stm32cube.ide.mcu.externaltools.gnu-tools-for-stm32.7-2018-q2-update.win32_1.0.0.201904181610/tools/bin/../lib/gcc/arm-none-eabi/7.3.1/../../../../arm-none-eabi/lib/thumb/v7e-m/fpv4-sp/hard\libc_nano.a
END GROUP
START GROUP
LOAD d:/st/stm32cubeide_1.3.0/stm32cubeide/plugins/com.st.stm32cube.ide.mcu.externaltools.gnu-tools-for-stm32.7-2018-q2-update.win32_1.0.0.201904181610/tools/bin/../lib/gcc/arm-none-eabi/7.3.1/thumb/v7e-m/fpv4-sp/hard\libgcc.a
LOAD d:/st/stm32cubeide_1.3.0/stm32cubeide/plugins/com.st.stm32cube.ide.mcu.externaltools.gnu-tools-for-stm32.7-2018-q2-update.win32_1.0.0.201904181610/tools/bin/../lib/gcc/arm-none-eabi/7.3.1/../../../../arm-none-eabi/lib/thumb/v7e-m/fpv4-sp/hard\libc_nano.a
LOAD d:/st/stm32cubeide_1.3.0/stm32cubeide/plugins/com.st.stm32cube.ide.mcu.externaltools.gnu-tools-for-stm32.7-2018-q2-update.win32_1.0.0.201904181610/tools/bin/../lib/gcc/arm-none-eabi/7.3.1/../../../../arm-none-eabi/lib/thumb/v7e-m/fpv4-sp/hard\libnosys.a
END GROUP
START GROUP
LOAD d:/st/stm32cubeide_1.3.0/stm32cubeide/plugins/com.st.stm32cube.ide.mcu.externaltools.gnu-tools-for-stm32.7-2018-q2-update.win32_1.0.0.201904181610/tools/bin/../lib/gcc/arm-none-eabi/7.3.1/thumb/v7e-m/fpv4-sp/hard\libgcc.a
LOAD d:/st/stm32cubeide_1.3.0/stm32cubeide/plugins/com.st.stm32cube.ide.mcu.externaltools.gnu-tools-for-stm32.7-2018-q2-update.win32_1.0.0.201904181610/tools/bin/../lib/gcc/arm-none-eabi/7.3.1/../../../../arm-none-eabi/lib/thumb/v7e-m/fpv4-sp/hard\libc_nano.a
LOAD d:/st/stm32cubeide_1.3.0/stm32cubeide/plugins/com.st.stm32cube.ide.mcu.externaltools.gnu-tools-for-stm32.7-2018-q2-update.win32_1.0.0.201904181610/tools/bin/../lib/gcc/arm-none-eabi/7.3.1/../../../../arm-none-eabi/lib/thumb/v7e-m/fpv4-sp/hard\libnosys.a
END GROUP
LOAD d:/st/stm32cubeide_1.3.0/stm32cubeide/plugins/com.st.stm32cube.ide.mcu.externaltools.gnu-tools-for-stm32.7-2018-q2-update.win32_1.0.0.201904181610/tools/bin/../lib/gcc/arm-none-eabi/7.3.1/thumb/v7e-m/fpv4-sp/hard/crtend.o
LOAD d:/st/stm32cubeide_1.3.0/stm32cubeide/plugins/com.st.stm32cube.ide.mcu.externaltools.gnu-tools-for-stm32.7-2018-q2-update.win32_1.0.0.201904181610/tools/bin/../lib/gcc/arm-none-eabi/7.3.1/thumb/v7e-m/fpv4-sp/hard/crtn.o
                0x0000000020020000                _estack = (ORIGIN (RAM) + LENGTH (RAM))
                0x0000000000000200                _Min_Heap_Size = 0x200
                0x0000000000000400                _Min_Stack_Size = 0x400

.isr_vector     0x0000000008000000      0x1a8
                0x0000000008000000                . = ALIGN (0x4)
 *(.isr_vector)
 .isr_vector    0x0000000008000000      0x1a8 Startup/startup_stm32f407vgtx.o
                0x0000000008000000                g_pfnVectors
                0x00000000080001a8                . = ALIGN (0x4)

.text           0x00000000080001a8      0x988
                0x00000000080001a8                . = ALIGN (0x4)
 *(.text)
 .text          0x00000000080001a8       0x40 d:/st/stm32cubeide_1.3.0/stm32cubeide/plugins/com.st.stm32cube.ide.mcu.externaltools.gnu-tools-for-stm32.7-2018-q2-update.win32_1.0.0.201904181610/tools/bin/../lib/gcc/arm-none-eabi/7.3.1/thumb/v7e-m/fpv4-sp/hard/crtbegin.o
 *(.text*)
 .text.ADC1_Start
                0x00000000080001e8       0x40 MyLib/Src/ADC.o
                0x00000000080001e8                ADC1_Start
 .text.ADC1_GetValue
                0x0000000008000228       0x38 MyLib/Src/ADC.o
                0x0000000008000228                ADC1_GetValue
 .text.__NVIC_EnableIRQ
                0x0000000008000260       0x3c MyLib/Src/GPIO.o
 .text.__NVIC_SetPriority
                0x000000000800029c       0x54 MyLib/Src/GPIO.o
 .text.GPIO_Config
                0x00000000080002f0       0x64 MyLib/Src/PeripheralConfig.o
                0x00000000080002f0                GPIO_Config
 .text.SPI1_Config
                0x0000000008000354       0xa4 MyLib/Src/SPI.o
                0x0000000008000354                SPI1_Config
 .text.SPI3_Config
                0x00000000080003f8       0xd4 MyLib/Src/SPI.o
                0x00000000080003f8                SPI3_Config
 .text.SPI_CS_Enable
                0x00000000080004cc       0x18 MyLib/Src/SPI.o
                0x00000000080004cc                SPI_CS_Enable
 .text.SPI_CS_Disable
                0x00000000080004e4       0x18 MyLib/Src/SPI.o
                0x00000000080004e4                SPI_CS_Disable
 .text.SPI_TransmitReceives
                0x00000000080004fc      0x108 MyLib/Src/SPI.o
                0x00000000080004fc                SPI_TransmitReceives
 .text.SysClock_Config
                0x0000000008000604       0x8c MyLib/Src/SysClockConfig.o
                0x0000000008000604                SysClock_Config
 .text.__NVIC_EnableIRQ
                0x0000000008000690       0x3c MyLib/Src/UART.o
 .text.__NVIC_SetPriority
                0x00000000080006cc       0x54 MyLib/Src/UART.o
 .text.__NVIC_EnableIRQ
                0x0000000008000720       0x3c MyLib/Src/timer.o
 .text.__NVIC_SetPriority
                0x000000000800075c       0x54 MyLib/Src/timer.o
 .text.__NVIC_EnableIRQ
                0x00000000080007b0       0x3c Src/main.o
 .text.__NVIC_SetPriority
                0x00000000080007ec       0x54 Src/main.o
 .text.SysTick_Config
                0x0000000008000840       0x4c Src/main.o
 .text.SysTick_Handler
                0x000000000800088c       0x38 Src/main.o
                0x000000000800088c                SysTick_Handler
 .text.EXTI0_IRQHandler
                0x00000000080008c4       0x6c Src/main.o
                0x00000000080008c4                EXTI0_IRQHandler
 .text.TIM7_IRQHandler
                0x0000000008000930       0x2c Src/main.o
                0x0000000008000930                TIM7_IRQHandler
 .text.USART2_IRQHandler
                0x000000000800095c       0x1c Src/main.o
                0x000000000800095c                USART2_IRQHandler
 .text.Hardware_Config
                0x0000000008000978       0x38 Src/main.o
                0x0000000008000978                Hardware_Config
 .text.main     0x00000000080009b0       0x88 Src/main.o
                0x00000000080009b0                main
 .text.Reset_Handler
                0x0000000008000a38       0x50 Startup/startup_stm32f407vgtx.o
                0x0000000008000a38                Reset_Handler
 .text.Default_Handler
                0x0000000008000a88        0x2 Startup/startup_stm32f407vgtx.o
                0x0000000008000a88                RTC_Alarm_IRQHandler
                0x0000000008000a88                HASH_RNG_IRQHandler
                0x0000000008000a88                EXTI2_IRQHandler
                0x0000000008000a88                TIM8_CC_IRQHandler
                0x0000000008000a88                DebugMon_Handler
                0x0000000008000a88                TIM1_CC_IRQHandler
                0x0000000008000a88                DMA2_Stream5_IRQHandler
                0x0000000008000a88                HardFault_Handler
                0x0000000008000a88                DMA1_Stream5_IRQHandler
                0x0000000008000a88                PVD_IRQHandler
                0x0000000008000a88                SDIO_IRQHandler
                0x0000000008000a88                TAMP_STAMP_IRQHandler
                0x0000000008000a88                PendSV_Handler
                0x0000000008000a88                NMI_Handler
                0x0000000008000a88                CAN2_RX1_IRQHandler
                0x0000000008000a88                EXTI3_IRQHandler
                0x0000000008000a88                TIM8_TRG_COM_TIM14_IRQHandler
                0x0000000008000a88                TIM1_UP_TIM10_IRQHandler
                0x0000000008000a88                TIM8_UP_TIM13_IRQHandler
                0x0000000008000a88                I2C3_ER_IRQHandler
                0x0000000008000a88                LCD_TFT_IRQHandler
                0x0000000008000a88                I2C2_EV_IRQHandler
                0x0000000008000a88                DMA1_Stream2_IRQHandler
                0x0000000008000a88                CAN1_RX0_IRQHandler
                0x0000000008000a88                FPU_IRQHandler
                0x0000000008000a88                OTG_HS_WKUP_IRQHandler
                0x0000000008000a88                UsageFault_Handler
                0x0000000008000a88                CAN2_SCE_IRQHandler
                0x0000000008000a88                DMA2_Stream2_IRQHandler
                0x0000000008000a88                SPI1_IRQHandler
                0x0000000008000a88                TIM6_DAC_IRQHandler
                0x0000000008000a88                TIM1_BRK_TIM9_IRQHandler
                0x0000000008000a88                DCMI_IRQHandler
                0x0000000008000a88                CAN2_RX0_IRQHandler
                0x0000000008000a88                DMA2_Stream3_IRQHandler
                0x0000000008000a88                USART6_IRQHandler
                0x0000000008000a88                USART3_IRQHandler
                0x0000000008000a88                CRYP_IRQHandler
                0x0000000008000a88                CAN1_RX1_IRQHandler
                0x0000000008000a88                UART5_IRQHandler
                0x0000000008000a88                DMA2_Stream0_IRQHandler
                0x0000000008000a88                TIM4_IRQHandler
                0x0000000008000a88                I2C1_EV_IRQHandler
                0x0000000008000a88                DMA1_Stream6_IRQHandler
                0x0000000008000a88                DMA1_Stream1_IRQHandler
                0x0000000008000a88                UART4_IRQHandler
                0x0000000008000a88                LCD_TFT_1_IRQHandler
                0x0000000008000a88                TIM3_IRQHandler
                0x0000000008000a88                RCC_IRQHandler
                0x0000000008000a88                TIM8_BRK_TIM12_IRQHandler
                0x0000000008000a88                Default_Handler
                0x0000000008000a88                EXTI15_10_IRQHandler
                0x0000000008000a88                ADC_IRQHandler
                0x0000000008000a88                DMA1_Stream7_IRQHandler
                0x0000000008000a88                CAN2_TX_IRQHandler
                0x0000000008000a88                TIM5_IRQHandler
                0x0000000008000a88                DMA2_Stream7_IRQHandler
                0x0000000008000a88                I2C3_EV_IRQHandler
                0x0000000008000a88                EXTI9_5_IRQHandler
                0x0000000008000a88                RTC_WKUP_IRQHandler
                0x0000000008000a88                ETH_WKUP_IRQHandler
                0x0000000008000a88                SPI2_IRQHandler
                0x0000000008000a88                OTG_HS_EP1_IN_IRQHandler
                0x0000000008000a88                MemManage_Handler
                0x0000000008000a88                DMA1_Stream0_IRQHandler
                0x0000000008000a88                CAN1_TX_IRQHandler
                0x0000000008000a88                SVC_Handler
                0x0000000008000a88                EXTI4_IRQHandler
                0x0000000008000a88                FSMC_IRQHandler
                0x0000000008000a88                ETH_IRQHandler
                0x0000000008000a88                OTG_HS_EP1_OUT_IRQHandler
                0x0000000008000a88                WWDG_IRQHandler
                0x0000000008000a88                TIM2_IRQHandler
                0x0000000008000a88                OTG_FS_WKUP_IRQHandler
                0x0000000008000a88                TIM1_TRG_COM_TIM11_IRQHandler
                0x0000000008000a88                OTG_HS_IRQHandler
                0x0000000008000a88                EXTI1_IRQHandler
                0x0000000008000a88                I2C2_ER_IRQHandler
                0x0000000008000a88                DMA2_Stream1_IRQHandler
                0x0000000008000a88                CAN1_SCE_IRQHandler
                0x0000000008000a88                DMA2_Stream4_IRQHandler
                0x0000000008000a88                BusFault_Handler
                0x0000000008000a88                USART1_IRQHandler
                0x0000000008000a88                OTG_FS_IRQHandler
                0x0000000008000a88                SPI3_IRQHandler
                0x0000000008000a88                DMA1_Stream4_IRQHandler
                0x0000000008000a88                I2C1_ER_IRQHandler
                0x0000000008000a88                DMA2_Stream6_IRQHandler
                0x0000000008000a88                DMA1_Stream3_IRQHandler
 *fill*         0x0000000008000a8a        0x2 
 .text.__libc_init_array
                0x0000000008000a8c       0x48 d:/st/stm32cubeide_1.3.0/stm32cubeide/plugins/com.st.stm32cube.ide.mcu.externaltools.gnu-tools-for-stm32.7-2018-q2-update.win32_1.0.0.201904181610/tools/bin/../lib/gcc/arm-none-eabi/7.3.1/../../../../arm-none-eabi/lib/thumb/v7e-m/fpv4-sp/hard\libc_nano.a(lib_a-init.o)
                0x0000000008000a8c                __libc_init_array
 .text.memset   0x0000000008000ad4       0x10 d:/st/stm32cubeide_1.3.0/stm32cubeide/plugins/com.st.stm32cube.ide.mcu.externaltools.gnu-tools-for-stm32.7-2018-q2-update.win32_1.0.0.201904181610/tools/bin/../lib/gcc/arm-none-eabi/7.3.1/../../../../arm-none-eabi/lib/thumb/v7e-m/fpv4-sp/hard\libc_nano.a(lib_a-memset.o)
                0x0000000008000ad4                memset
 .text.strstr   0x0000000008000ae4       0x34 d:/st/stm32cubeide_1.3.0/stm32cubeide/plugins/com.st.stm32cube.ide.mcu.externaltools.gnu-tools-for-stm32.7-2018-q2-update.win32_1.0.0.201904181610/tools/bin/../lib/gcc/arm-none-eabi/7.3.1/../../../../arm-none-eabi/lib/thumb/v7e-m/fpv4-sp/hard\libc_nano.a(lib_a-strstr.o)
                0x0000000008000ae4                strstr
 *(.glue_7)
 .glue_7        0x0000000008000b18        0x0 linker stubs
 *(.glue_7t)
 .glue_7t       0x0000000008000b18        0x0 linker stubs
 *(.eh_frame)
 .eh_frame      0x0000000008000b18        0x0 d:/st/stm32cubeide_1.3.0/stm32cubeide/plugins/com.st.stm32cube.ide.mcu.externaltools.gnu-tools-for-stm32.7-2018-q2-update.win32_1.0.0.201904181610/tools/bin/../lib/gcc/arm-none-eabi/7.3.1/thumb/v7e-m/fpv4-sp/hard/crtbegin.o
 *(.init)
 .init          0x0000000008000b18        0x4 d:/st/stm32cubeide_1.3.0/stm32cubeide/plugins/com.st.stm32cube.ide.mcu.externaltools.gnu-tools-for-stm32.7-2018-q2-update.win32_1.0.0.201904181610/tools/bin/../lib/gcc/arm-none-eabi/7.3.1/thumb/v7e-m/fpv4-sp/hard/crti.o
                0x0000000008000b18                _init
 .init          0x0000000008000b1c        0x8 d:/st/stm32cubeide_1.3.0/stm32cubeide/plugins/com.st.stm32cube.ide.mcu.externaltools.gnu-tools-for-stm32.7-2018-q2-update.win32_1.0.0.201904181610/tools/bin/../lib/gcc/arm-none-eabi/7.3.1/thumb/v7e-m/fpv4-sp/hard/crtn.o
 *(.fini)
 .fini          0x0000000008000b24        0x4 d:/st/stm32cubeide_1.3.0/stm32cubeide/plugins/com.st.stm32cube.ide.mcu.externaltools.gnu-tools-for-stm32.7-2018-q2-update.win32_1.0.0.201904181610/tools/bin/../lib/gcc/arm-none-eabi/7.3.1/thumb/v7e-m/fpv4-sp/hard/crti.o
                0x0000000008000b24                _fini
 .fini          0x0000000008000b28        0x8 d:/st/stm32cubeide_1.3.0/stm32cubeide/plugins/com.st.stm32cube.ide.mcu.externaltools.gnu-tools-for-stm32.7-2018-q2-update.win32_1.0.0.201904181610/tools/bin/../lib/gcc/arm-none-eabi/7.3.1/thumb/v7e-m/fpv4-sp/hard/crtn.o
                0x0000000008000b30                . = ALIGN (0x4)
                0x0000000008000b30                _etext = .

.vfp11_veneer   0x0000000008000b30        0x0
 .vfp11_veneer  0x0000000008000b30        0x0 linker stubs

.v4_bx          0x0000000008000b30        0x0
 .v4_bx         0x0000000008000b30        0x0 linker stubs

.iplt           0x0000000008000b30        0x0
 .iplt          0x0000000008000b30        0x0 d:/st/stm32cubeide_1.3.0/stm32cubeide/plugins/com.st.stm32cube.ide.mcu.externaltools.gnu-tools-for-stm32.7-2018-q2-update.win32_1.0.0.201904181610/tools/bin/../lib/gcc/arm-none-eabi/7.3.1/thumb/v7e-m/fpv4-sp/hard/crtbegin.o

.sec.           0x0000000008000b30      0x4e4
 .sec.          0x0000000008000b30       0x98 MyLib/Src/ADC.o
                0x0000000008000b30                ADC1_Config
 .sec.          0x0000000008000bc8      0x138 MyLib/Src/GPIO.o
                0x0000000008000bc8                Interrupt_Config
                0x0000000008000c24                GPIO_Read
                0x0000000008000c5a                GPIO_Write
                0x0000000008000cc2                GPIO_Toggle
 .sec.          0x0000000008000d00      0x140 MyLib/Src/UART.o
                0x0000000008000d00                UART2_Config
                0x0000000008000dbc                UART_SendChar
                0x0000000008000de8                UART_Writes
                0x0000000008000e22                UART_ReadChar
 .sec.          0x0000000008000e40       0xf0 MyLib/Src/timer.o
                0x0000000008000e40                TIM6_Config
                0x0000000008000e84                TIM7_Config
                0x0000000008000ed8                TIM6_Delay_us
                0x0000000008000f0c                TIM6_Delay_ms
 .sec.          0x0000000008000f30       0xe4 Src/main.o
                0x0000000008000f30                USART2_RX_Interrupt
                0x0000000008000ff4                Delay_Cycle

.rodata         0x0000000008001014       0x20
                0x0000000008001014                . = ALIGN (0x4)
 *(.rodata)
 .rodata        0x0000000008001014       0x20 Src/main.o
 *(.rodata*)
                0x0000000008001034                . = ALIGN (0x4)

.rel.dyn        0x0000000008001034        0x0
 .rel.iplt      0x0000000008001034        0x0 d:/st/stm32cubeide_1.3.0/stm32cubeide/plugins/com.st.stm32cube.ide.mcu.externaltools.gnu-tools-for-stm32.7-2018-q2-update.win32_1.0.0.201904181610/tools/bin/../lib/gcc/arm-none-eabi/7.3.1/thumb/v7e-m/fpv4-sp/hard/crtbegin.o

.ARM.extab      0x0000000008001034        0x0
                0x0000000008001034                . = ALIGN (0x4)
 *(.ARM.extab* .gnu.linkonce.armextab.*)
                0x0000000008001034                . = ALIGN (0x4)

.ARM            0x0000000008001034        0x0
                0x0000000008001034                . = ALIGN (0x4)
                0x0000000008001034                __exidx_start = .
 *(.ARM.exidx*)
                0x0000000008001034                __exidx_end = .
                0x0000000008001034                . = ALIGN (0x4)

.preinit_array  0x0000000008001034        0x0
                0x0000000008001034                . = ALIGN (0x4)
                0x0000000008001034                PROVIDE (__preinit_array_start = .)
 *(.preinit_array*)
                0x0000000008001034                PROVIDE (__preinit_array_end = .)
                0x0000000008001034                . = ALIGN (0x4)

.init_array     0x0000000008001034        0x4
                0x0000000008001034                . = ALIGN (0x4)
                0x0000000008001034                PROVIDE (__init_array_start = .)
 *(SORT_BY_NAME(.init_array.*))
 *(.init_array*)
 .init_array    0x0000000008001034        0x4 d:/st/stm32cubeide_1.3.0/stm32cubeide/plugins/com.st.stm32cube.ide.mcu.externaltools.gnu-tools-for-stm32.7-2018-q2-update.win32_1.0.0.201904181610/tools/bin/../lib/gcc/arm-none-eabi/7.3.1/thumb/v7e-m/fpv4-sp/hard/crtbegin.o
                0x0000000008001038                PROVIDE (__init_array_end = .)
                0x0000000008001038                . = ALIGN (0x4)

.fini_array     0x0000000008001038        0x4
                0x0000000008001038                . = ALIGN (0x4)
                [!provide]                        PROVIDE (__fini_array_start = .)
 *(SORT_BY_NAME(.fini_array.*))
 *(.fini_array*)
 .fini_array    0x0000000008001038        0x4 d:/st/stm32cubeide_1.3.0/stm32cubeide/plugins/com.st.stm32cube.ide.mcu.externaltools.gnu-tools-for-stm32.7-2018-q2-update.win32_1.0.0.201904181610/tools/bin/../lib/gcc/arm-none-eabi/7.3.1/thumb/v7e-m/fpv4-sp/hard/crtbegin.o
                [!provide]                        PROVIDE (__fini_array_end = .)
                0x000000000800103c                . = ALIGN (0x4)
                0x000000000800103c                _sidata = LOADADDR (.data)

.data           0x0000000020000000        0x8 load address 0x000000000800103c
                0x0000000020000000                . = ALIGN (0x4)
                0x0000000020000000                _sdata = .
 *(.data)
 *(.data*)
 .data.data     0x0000000020000000        0x5 Src/main.o
                0x0000000020000000                data
                0x0000000020000008                . = ALIGN (0x4)
 *fill*         0x0000000020000005        0x3 
                0x0000000020000008                _edata = .

.igot.plt       0x0000000020000008        0x0 load address 0x0000000008001044
 .igot.plt      0x0000000020000008        0x0 d:/st/stm32cubeide_1.3.0/stm32cubeide/plugins/com.st.stm32cube.ide.mcu.externaltools.gnu-tools-for-stm32.7-2018-q2-update.win32_1.0.0.201904181610/tools/bin/../lib/gcc/arm-none-eabi/7.3.1/thumb/v7e-m/fpv4-sp/hard/crtbegin.o
                0x0000000020000008                . = ALIGN (0x4)

.bss            0x0000000020000008       0x90 load address 0x0000000008001044
                0x0000000020000008                _sbss = .
                0x0000000020000008                __bss_start__ = _sbss
 *(.bss)
 .bss           0x0000000020000008       0x1c d:/st/stm32cubeide_1.3.0/stm32cubeide/plugins/com.st.stm32cube.ide.mcu.externaltools.gnu-tools-for-stm32.7-2018-q2-update.win32_1.0.0.201904181610/tools/bin/../lib/gcc/arm-none-eabi/7.3.1/thumb/v7e-m/fpv4-sp/hard/crtbegin.o
 *(.bss*)
 .bss.times     0x0000000020000024        0x2 Src/main.o
                0x0000000020000024                times
 .bss.rx_index  0x0000000020000026        0x1 Src/main.o
                0x0000000020000026                rx_index
 *(COMMON)
 *fill*         0x0000000020000027        0x1 
 COMMON         0x0000000020000028       0x70 Src/main.o
                0x0000000020000028                datarv
                0x0000000020000030                adc_value
                0x0000000020000034                rx_array
                0x0000000020000098                . = ALIGN (0x4)
                0x0000000020000098                _ebss = .
                0x0000000020000098                __bss_end__ = _ebss

._user_heap_stack
                0x0000000020000098      0x600 load address 0x0000000008001044
                0x0000000020000098                . = ALIGN (0x8)
                0x0000000020000098                PROVIDE (end = .)
                [!provide]                        PROVIDE (_end = .)
                0x0000000020000298                . = (. + _Min_Heap_Size)
 *fill*         0x0000000020000098      0x200 
                0x0000000020000698                . = (. + _Min_Stack_Size)
 *fill*         0x0000000020000298      0x400 
                0x0000000020000698                . = ALIGN (0x8)

/DISCARD/
 libc.a(*)
 libm.a(*)
 libgcc.a(*)

.ARM.attributes
                0x0000000000000000       0x30
 *(.ARM.attributes)
 .ARM.attributes
                0x0000000000000000       0x22 d:/st/stm32cubeide_1.3.0/stm32cubeide/plugins/com.st.stm32cube.ide.mcu.externaltools.gnu-tools-for-stm32.7-2018-q2-update.win32_1.0.0.201904181610/tools/bin/../lib/gcc/arm-none-eabi/7.3.1/thumb/v7e-m/fpv4-sp/hard/crti.o
 .ARM.attributes
                0x0000000000000022       0x34 d:/st/stm32cubeide_1.3.0/stm32cubeide/plugins/com.st.stm32cube.ide.mcu.externaltools.gnu-tools-for-stm32.7-2018-q2-update.win32_1.0.0.201904181610/tools/bin/../lib/gcc/arm-none-eabi/7.3.1/thumb/v7e-m/fpv4-sp/hard/crtbegin.o
 .ARM.attributes
                0x0000000000000056       0x39 MyLib/Src/ADC.o
 .ARM.attributes
                0x000000000000008f       0x39 MyLib/Src/GPIO.o
 .ARM.attributes
                0x00000000000000c8       0x39 MyLib/Src/PeripheralConfig.o
 .ARM.attributes
                0x0000000000000101       0x39 MyLib/Src/SPI.o
 .ARM.attributes
                0x000000000000013a       0x39 MyLib/Src/SysClockConfig.o
 .ARM.attributes
                0x0000000000000173       0x39 MyLib/Src/UART.o
 .ARM.attributes
                0x00000000000001ac       0x39 MyLib/Src/timer.o
 .ARM.attributes
                0x00000000000001e5       0x39 Src/main.o
 .ARM.attributes
                0x000000000000021e       0x21 Startup/startup_stm32f407vgtx.o
 .ARM.attributes
                0x000000000000023f       0x34 d:/st/stm32cubeide_1.3.0/stm32cubeide/plugins/com.st.stm32cube.ide.mcu.externaltools.gnu-tools-for-stm32.7-2018-q2-update.win32_1.0.0.201904181610/tools/bin/../lib/gcc/arm-none-eabi/7.3.1/../../../../arm-none-eabi/lib/thumb/v7e-m/fpv4-sp/hard\libc_nano.a(lib_a-init.o)
 .ARM.attributes
                0x0000000000000273       0x34 d:/st/stm32cubeide_1.3.0/stm32cubeide/plugins/com.st.stm32cube.ide.mcu.externaltools.gnu-tools-for-stm32.7-2018-q2-update.win32_1.0.0.201904181610/tools/bin/../lib/gcc/arm-none-eabi/7.3.1/../../../../arm-none-eabi/lib/thumb/v7e-m/fpv4-sp/hard\libc_nano.a(lib_a-memset.o)
 .ARM.attributes
                0x00000000000002a7       0x34 d:/st/stm32cubeide_1.3.0/stm32cubeide/plugins/com.st.stm32cube.ide.mcu.externaltools.gnu-tools-for-stm32.7-2018-q2-update.win32_1.0.0.201904181610/tools/bin/../lib/gcc/arm-none-eabi/7.3.1/../../../../arm-none-eabi/lib/thumb/v7e-m/fpv4-sp/hard\libc_nano.a(lib_a-strstr.o)
 .ARM.attributes
                0x00000000000002db       0x22 d:/st/stm32cubeide_1.3.0/stm32cubeide/plugins/com.st.stm32cube.ide.mcu.externaltools.gnu-tools-for-stm32.7-2018-q2-update.win32_1.0.0.201904181610/tools/bin/../lib/gcc/arm-none-eabi/7.3.1/thumb/v7e-m/fpv4-sp/hard/crtn.o
OUTPUT(STM32F4_Register_Learn.elf elf32-littlearm)

.debug_info     0x0000000000000000     0x43f6
 .debug_info    0x0000000000000000      0x53a MyLib/Src/ADC.o
 .debug_info    0x000000000000053a      0xa62 MyLib/Src/GPIO.o
 .debug_info    0x0000000000000f9c      0x374 MyLib/Src/PeripheralConfig.o
 .debug_info    0x0000000000001310      0x61e MyLib/Src/SPI.o
 .debug_info    0x000000000000192e      0x372 MyLib/Src/SysClockConfig.o
 .debug_info    0x0000000000001ca0      0xa0f MyLib/Src/UART.o
 .debug_info    0x00000000000026af      0x9b5 MyLib/Src/timer.o
 .debug_info    0x0000000000003064     0x1370 Src/main.o
 .debug_info    0x00000000000043d4       0x22 Startup/startup_stm32f407vgtx.o

.debug_abbrev   0x0000000000000000      0xc34
 .debug_abbrev  0x0000000000000000      0x145 MyLib/Src/ADC.o
 .debug_abbrev  0x0000000000000145      0x1d7 MyLib/Src/GPIO.o
 .debug_abbrev  0x000000000000031c       0xcc MyLib/Src/PeripheralConfig.o
 .debug_abbrev  0x00000000000003e8      0x125 MyLib/Src/SPI.o
 .debug_abbrev  0x000000000000050d       0xcc MyLib/Src/SysClockConfig.o
 .debug_abbrev  0x00000000000005d9      0x1f5 MyLib/Src/UART.o
 .debug_abbrev  0x00000000000007ce      0x1a1 MyLib/Src/timer.o
 .debug_abbrev  0x000000000000096f      0x2b3 Src/main.o
 .debug_abbrev  0x0000000000000c22       0x12 Startup/startup_stm32f407vgtx.o

.debug_aranges  0x0000000000000000      0x250
 .debug_aranges
                0x0000000000000000       0x38 MyLib/Src/ADC.o
 .debug_aranges
                0x0000000000000038       0x48 MyLib/Src/GPIO.o
 .debug_aranges
                0x0000000000000080       0x20 MyLib/Src/PeripheralConfig.o
 .debug_aranges
                0x00000000000000a0       0x68 MyLib/Src/SPI.o
 .debug_aranges
                0x0000000000000108       0x20 MyLib/Src/SysClockConfig.o
 .debug_aranges
                0x0000000000000128       0x48 MyLib/Src/UART.o
 .debug_aranges
                0x0000000000000170       0x48 MyLib/Src/timer.o
 .debug_aranges
                0x00000000000001b8       0x70 Src/main.o
 .debug_aranges
                0x0000000000000228       0x28 Startup/startup_stm32f407vgtx.o

.debug_ranges   0x0000000000000000      0x1c8
 .debug_ranges  0x0000000000000000       0x28 MyLib/Src/ADC.o
 .debug_ranges  0x0000000000000028       0x38 MyLib/Src/GPIO.o
 .debug_ranges  0x0000000000000060       0x10 MyLib/Src/PeripheralConfig.o
 .debug_ranges  0x0000000000000070       0x58 MyLib/Src/SPI.o
 .debug_ranges  0x00000000000000c8       0x10 MyLib/Src/SysClockConfig.o
 .debug_ranges  0x00000000000000d8       0x38 MyLib/Src/UART.o
 .debug_ranges  0x0000000000000110       0x38 MyLib/Src/timer.o
 .debug_ranges  0x0000000000000148       0x60 Src/main.o
 .debug_ranges  0x00000000000001a8       0x20 Startup/startup_stm32f407vgtx.o

.debug_macro    0x0000000000000000     0x1da5
 .debug_macro   0x0000000000000000      0x13c MyLib/Src/ADC.o
 .debug_macro   0x000000000000013c      0x202 MyLib/Src/ADC.o
 .debug_macro   0x000000000000033e      0x13a MyLib/Src/GPIO.o
 .debug_macro   0x0000000000000478      0x149 MyLib/Src/PeripheralConfig.o
 .debug_macro   0x00000000000005c1       0xfa MyLib/Src/PeripheralConfig.o
 .debug_macro   0x00000000000006bb      0x138 MyLib/Src/SPI.o
 .debug_macro   0x00000000000007f3      0x1fc MyLib/Src/SPI.o
 .debug_macro   0x00000000000009ef       0xd5 MyLib/Src/SysClockConfig.o
 .debug_macro   0x0000000000000ac4      0x138 MyLib/Src/UART.o
 .debug_macro   0x0000000000000bfc       0xe0 MyLib/Src/timer.o
 .debug_macro   0x0000000000000cdc      0x2d8 Src/main.o
 .debug_macro   0x0000000000000fb4       0x40 Src/main.o
 .debug_macro   0x0000000000000ff4       0x18 Src/main.o
 .debug_macro   0x000000000000100c       0x94 Src/main.o
 .debug_macro   0x00000000000010a0       0x3c Src/main.o
 .debug_macro   0x00000000000010dc       0x34 Src/main.o
 .debug_macro   0x0000000000001110       0x16 Src/main.o
 .debug_macro   0x0000000000001126       0x57 Src/main.o
 .debug_macro   0x000000000000117d       0x97 Src/main.o
 .debug_macro   0x0000000000001214      0x330 Src/main.o
 .debug_macro   0x0000000000001544       0xfd Src/main.o
 .debug_macro   0x0000000000001641       0x10 Src/main.o
 .debug_macro   0x0000000000001651       0x52 Src/main.o
 .debug_macro   0x00000000000016a3       0x1f Src/main.o
 .debug_macro   0x00000000000016c2       0x43 Src/main.o
 .debug_macro   0x0000000000001705       0x20 Src/main.o
 .debug_macro   0x0000000000001725      0x1a3 Src/main.o
 .debug_macro   0x00000000000018c8       0x10 Src/main.o
 .debug_macro   0x00000000000018d8       0x1c Src/main.o
 .debug_macro   0x00000000000018f4       0x52 Src/main.o
 .debug_macro   0x0000000000001946       0x40 Src/main.o
 .debug_macro   0x0000000000001986       0x10 Src/main.o
 .debug_macro   0x0000000000001996       0x40 Src/main.o
 .debug_macro   0x00000000000019d6       0xd7 Src/main.o
 .debug_macro   0x0000000000001aad       0x1c Src/main.o
 .debug_macro   0x0000000000001ac9       0x3d Src/main.o
 .debug_macro   0x0000000000001b06       0x16 Src/main.o
 .debug_macro   0x0000000000001b1c      0x145 Src/main.o
 .debug_macro   0x0000000000001c61       0x16 Src/main.o
 .debug_macro   0x0000000000001c77       0x35 Src/main.o
 .debug_macro   0x0000000000001cac       0x20 Src/main.o
 .debug_macro   0x0000000000001ccc       0xd9 Src/main.o

.debug_line     0x0000000000000000     0x33bd
 .debug_line    0x0000000000000000      0x607 MyLib/Src/ADC.o
 .debug_line    0x0000000000000607      0x5fe MyLib/Src/GPIO.o
 .debug_line    0x0000000000000c05      0x5cc MyLib/Src/PeripheralConfig.o
 .debug_line    0x00000000000011d1      0x729 MyLib/Src/SPI.o
 .debug_line    0x00000000000018fa      0x58f MyLib/Src/SysClockConfig.o
 .debug_line    0x0000000000001e89      0x60c MyLib/Src/UART.o
 .debug_line    0x0000000000002495      0x5b4 MyLib/Src/timer.o
 .debug_line    0x0000000000002a49      0x8f0 Src/main.o
 .debug_line    0x0000000000003339       0x84 Startup/startup_stm32f407vgtx.o

.debug_str      0x0000000000000000    0x8db5a
 .debug_str     0x0000000000000000    0x88dff MyLib/Src/ADC.o
                                      0x890f8 (size before relaxing)
 .debug_str     0x0000000000088dff      0x624 MyLib/Src/GPIO.o
                                      0x8969a (size before relaxing)
 .debug_str     0x0000000000089423       0x2c MyLib/Src/PeripheralConfig.o
                                      0x89052 (size before relaxing)
 .debug_str     0x000000000008944f       0xe9 MyLib/Src/SPI.o
                                      0x89127 (size before relaxing)
 .debug_str     0x0000000000089538       0x5d MyLib/Src/SysClockConfig.o
                                      0x87c27 (size before relaxing)
 .debug_str     0x0000000000089595       0x6a MyLib/Src/UART.o
                                      0x8965e (size before relaxing)
 .debug_str     0x00000000000895ff       0x93 MyLib/Src/timer.o
                                      0x88251 (size before relaxing)
 .debug_str     0x0000000000089692     0x4497 Src/main.o
                                      0x8db30 (size before relaxing)
 .debug_str     0x000000000008db29       0x31 Startup/startup_stm32f407vgtx.o
                                         0x87 (size before relaxing)

.comment        0x0000000000000000       0x7b
 .comment       0x0000000000000000       0x7b MyLib/Src/ADC.o
                                         0x7c (size before relaxing)
 .comment       0x000000000000007b       0x7c MyLib/Src/GPIO.o
 .comment       0x000000000000007b       0x7c MyLib/Src/PeripheralConfig.o
 .comment       0x000000000000007b       0x7c MyLib/Src/SPI.o
 .comment       0x000000000000007b       0x7c MyLib/Src/SysClockConfig.o
 .comment       0x000000000000007b       0x7c MyLib/Src/UART.o
 .comment       0x000000000000007b       0x7c MyLib/Src/timer.o
 .comment       0x000000000000007b       0x7c Src/main.o

.debug_frame    0x0000000000000000      0x734
 .debug_frame   0x0000000000000000       0xa0 MyLib/Src/ADC.o
 .debug_frame   0x00000000000000a0       0xf0 MyLib/Src/GPIO.o
 .debug_frame   0x0000000000000190       0x30 MyLib/Src/PeripheralConfig.o
 .debug_frame   0x00000000000001c0      0x178 MyLib/Src/SPI.o
 .debug_frame   0x0000000000000338       0x30 MyLib/Src/SysClockConfig.o
 .debug_frame   0x0000000000000368       0xf0 MyLib/Src/UART.o
 .debug_frame   0x0000000000000458       0xe4 MyLib/Src/timer.o
 .debug_frame   0x000000000000053c      0x17c Src/main.o
 .debug_frame   0x00000000000006b8       0x2c d:/st/stm32cubeide_1.3.0/stm32cubeide/plugins/com.st.stm32cube.ide.mcu.externaltools.gnu-tools-for-stm32.7-2018-q2-update.win32_1.0.0.201904181610/tools/bin/../lib/gcc/arm-none-eabi/7.3.1/../../../../arm-none-eabi/lib/thumb/v7e-m/fpv4-sp/hard\libc_nano.a(lib_a-init.o)
 .debug_frame   0x00000000000006e4       0x20 d:/st/stm32cubeide_1.3.0/stm32cubeide/plugins/com.st.stm32cube.ide.mcu.externaltools.gnu-tools-for-stm32.7-2018-q2-update.win32_1.0.0.201904181610/tools/bin/../lib/gcc/arm-none-eabi/7.3.1/../../../../arm-none-eabi/lib/thumb/v7e-m/fpv4-sp/hard\libc_nano.a(lib_a-memset.o)
 .debug_frame   0x0000000000000704       0x30 d:/st/stm32cubeide_1.3.0/stm32cubeide/plugins/com.st.stm32cube.ide.mcu.externaltools.gnu-tools-for-stm32.7-2018-q2-update.win32_1.0.0.201904181610/tools/bin/../lib/gcc/arm-none-eabi/7.3.1/../../../../arm-none-eabi/lib/thumb/v7e-m/fpv4-sp/hard\libc_nano.a(lib_a-strstr.o)
