SysClockConfig.h:56:6:SysClock_Config	20	static
STM32F407Config.h:21:6:GPIO_Config	0	static
STM32F407Config.h:36:6:Interrupt_Config	0	static
STM32F407Config.h:50:6:TIM6_Config	0	static
STM32F407Config.h:66:6:TIM7_Config	0	static
STM32F407Config.h:92:6:ADC1_Config	0	static
STM32F407Config.h:120:6:UART2_Config	0	static
STM32F407Config.h:172:6:SPI1_Config	0	static
STM32F407Config.h:203:6:SPI3_Config	0	static
STM32F407Config.h:241:6:I2C1_Config	0	static
main.h:29:6:Hardware_Config	8	static
main.h:42:6:Delay_Cycle	0	static
main.c:64:5:main	16	static
