core_cm4.h:1688:22:__NVIC_EnableIRQ	16	static
core_cm4.h:1816:22:__NVIC_SetPriority	16	static
core_cm4.h:2022:26:SysTick_Config	16	static
main.c:211:6:GPIO_Config	4	static
main.c:75:6:USART2_RX_Interrupt	16	static
main.c:194:14:SysClock_Config	4	static
main.c:225:6:Delay_Cycle	16	static
main.c:27:6:SysTick_Handler	8	static
main.c:40:6:EXTI0_IRQHandler	8	static
main.c:58:6:TIM7_IRQHandler	8	static
main.c:65:6:USART2_IRQHandler	8	static
main.c:105:6:Hardware_Config	8	static
main.c:157:5:main	16	static
